(test 'asd)